> -- Local Studio command-line smoke test for the generated Aether Harvester place.
-- This is intentionally bounded: it does not publish, save, or contact services.
local Workspace = game:GetService("Workspace")
local ServerScriptService = game:GetService("ServerScriptService")

local server = ServerScriptService:FindFirstChild("AetherServer")
assert(server, "AetherServer folder is missing")

if not Workspace:FindFirstChild("AetherWorld") then
	local worldBuilder = server:FindFirstChild("WorldBuilder")
		or error("WorldBuilder module is missing")
	require(worldBuilder)
end

local bloomRuntime = server:FindFirstChild("AetherBloomRuntime")
	or error("AetherBloomRuntime module is missing")
local installed = require(bloomRuntime).Initialize()
assert(installed == true, "AetherBloomRuntime.Initialize did not report success")

local world = Workspace:FindFirstChild("AetherWorld")
assert(world, "AetherWorld was not built")
local islands = world:FindFirstChild("Islands")
assert(islands, "AetherWorld.Islands is missing")
local crystalSpires = islands:FindFirstChild("CrystalSpires")
assert(crystalSpires, "CrystalSpires is missing")
local generatedContent = crystalSpires:FindFirstChild("GeneratedContent")
assert(generatedContent, "GeneratedContent folder is missing")
local bloom = generatedContent:FindFirstChild("AetherBloom_GodotV2")
assert(bloom, "AetherBloom_GodotV2 is missing")
assert(bloom:GetAttribute("SourceArtifact") == "AetherBloom_Godot_v2.glb", "source artifact marker mismatch")
assert(bloom:GetAttribute("ImportStatus") == "native-runtime-companion", "import status marker mismatch")

local ReplicatedStorage = game:GetService("ReplicatedStorage")
local ServerMain = require(ReplicatedStorage.AetherShared.Modules.ServerMain)
ServerMain.Initialize()

local tutorialService = ServerMain.GetService("TutorialService")
assert(tutorialService, "TutorialService was not registered")
assert(ReplicatedStorage.AetherShared.Remotes:FindFirstChild("TutorialUpdated"), "TutorialUpdated remote is missing")
assert(ReplicatedStorage.AetherShared.Remotes:FindFirstChild("GetTutorial"), "GetTutorial remote is missing")

local nodeManager = ServerMain.GetService("NodeManager")
assert(nodeManager, "NodeManager was not registered")
local nodes = nodeManager.GetAllNodes()
local nodeCount = #nodes
local promptCount = 0
for _, node in ipairs(nodes) do
	assert(node:GetAttribute("NodeId") == node.Name, "node id marker missing: " .. node.Name)
	if node:FindFirstChild("HarvestPrompt", true) then
		promptCount += 1
	end
end
assert(nodeCount == 29, "unexpected resource node count: " .. tostring(nodeCount))
assert(promptCount == nodeCount, "not every resource node has a harvest prompt")

print("[CLI_SMOKE] PASS AetherWorld built")
print("[CLI_SMOKE] PASS CrystalSpires generated content installed")
print("[CLI_SMOKE] PASS Bloom source=" .. tostring(bloom:GetAttribute("SourceArtifact")))
print("[CLI_SMOKE] PASS Bloom version=" .. tostring(bloom:GetAttribute("AssetVersion")))
print("[CLI_SMOKE] PASS ServerMain initialized all services")
print("[CLI_SMOKE] PASS TutorialService and tutorial remotes wired")
print("[CLI_SMOKE] PASS " .. tostring(nodeCount) .. " harvest prompts wired")

[AetherBloomRuntime] Installed Godot v2 native companion on CrystalSpires
[ServerMain] Initializing Aether Harvester Simulator...
[PersistenceAdapter] Using bounded in-memory DataStore for unpublished local Studio: PlayerData_Studio_v1
[PersistenceAdapter] Using bounded in-memory DataStore for unpublished local Studio: GuildData_v1
[PersistenceAdapter] Using bounded in-memory DataStore for unpublished local Studio: MarketplaceData_v2
[PersistenceAdapter] Using bounded in-memory OrderedDataStore for unpublished local Studio: AetherLeaderboard_Level_Studio_v1
[PersistenceAdapter] Using bounded in-memory OrderedDataStore for unpublished local Studio: AetherLeaderboard_Wealth_Studio_v1
[PersistenceAdapter] Using bounded in-memory OrderedDataStore for unpublished local Studio: AetherLeaderboard_Pets_Studio_v1
[PersistenceAdapter] Using bounded in-memory OrderedDataStore for unpublished local Studio: AetherLeaderboard_Quests_Studio_v1
[WorldManager] Initializing...
[WorldManager] Registered 10 playable islands
[NodeManager] Initializing...
[NodeManager] Discovered 29 resource nodes, NodeId attributes assigned
[PlayerDataService] Initializing...
[TutorialService] Initializing...
[TutorialService] Initialized with 5 guided steps
[PlayerVitalsService] Initializing...
[PlayerVitalsService] Initialized
[ToolService] Initializing...
[ToolService] Initialized
[BaseService] Initializing...
[BaseService] Initialized
[QuestService] Initializing...
[QuestService] Initialized with 20 quests available
[CreatureService] Initializing...
[CreatureService] Active creatures: 17
[CreatureService] Initialized with creature AI
[EconomyService] Initializing...
[EconomyService] Currencies: EventTokens
[PetService] Initializing...
[PetService] Initialized
[PetFusionService] Initializing...
[PetFusionService] Initialized
[AchievementService] Initializing...
[AchievementService] Initialized
[UpgradeService] Initializing...
[UpgradeService] Initialized
[SkillTreeService] Initializing...
[SkillTreeService] Initialized with server-owned skill catalog
[TradingService] Initializing...
[TradingService] Initialized
[GuildService] Initializing...
[GuildService] Initialized
[PartyService] Initializing...
[PartyService] Initialized
[EventService] Initializing...
[CraftingService] Initializing...
[CraftingService] Initialized
[DailyRewardsService] Initializing...
[DailyRewardsService] Initialized
[MailService] Initializing...
[MailService] Initialized
[ChatService] Initializing...
[AnalyticsService] Initializing...
[AntiCheatService] Initializing...
[CosmeticService] Initializing...
[CosmeticService] Initialized
[BattlePassService] Initializing...
[BattlePassService] Initialized
[MarketplaceService] Initializing...
[MarketplaceService] Initialized
[MonetizationService] Initialized (live product IDs configured: 0)
[LeaderboardService] Initializing...
[LeaderboardService] Initialized
[ProgressionService] Initializing...
[ProgressionService] Initialized
[RewardService] Initializing...
[RewardService] Initialized
[PrestigeService] Initializing...
[PrestigeService] Initialized
[ServerMain] Server initialized successfully!
[CLI_SMOKE] PASS AetherWorld built
[CLI_SMOKE] PASS CrystalSpires generated content installed
[CLI_SMOKE] PASS Bloom source=AetherBloom_Godot_v2.glb
[CLI_SMOKE] PASS Bloom version=2
[CLI_SMOKE] PASS ServerMain initialized all services
[CLI_SMOKE] PASS TutorialService and tutorial remotes wired
[CLI_SMOKE] PASS 29 harvest prompts wired
